[INFO] Scanning for projects...
[INFO] 
[INFO] ------------------------< com.zacks:HealthTech >------------------------
[INFO] Building HealthTech 0.0.1-SNAPSHOT
[INFO]   from pom.xml
[INFO] --------------------------------[ jar ]---------------------------------
[INFO] 
[INFO] --- resources:3.3.1:resources (default-resources) @ HealthTech ---
[INFO] Copying 1 resource from src\main\resources to target\classes
[INFO] Copying 1 resource from src\main\resources to target\classes
[INFO] 
[INFO] --- compiler:3.11.0:compile (default-compile) @ HealthTech ---
[INFO] Changes detected - recompiling the module! :source
[INFO] Compiling 56 source files with javac [debug release 17] to target\classes
[INFO] -------------------------------------------------------------
[ERROR] COMPILATION ERROR : 
[INFO] -------------------------------------------------------------
[ERROR] /D:/Proyectos/SpringBoot Projects/HealthTech/HealthTech/src/main/java/com/zacks/HealthTech/service/MedicalRecordService.java:[57,5] method does not override or implement a method from a supertype
[ERROR] /D:/Proyectos/SpringBoot Projects/HealthTech/HealthTech/src/main/java/com/zacks/HealthTech/service/MedicalRecordService.java:[62,5] method does not override or implement a method from a supertype
[INFO] 2 errors 
[INFO] -------------------------------------------------------------
[INFO] ------------------------------------------------------------------------
[INFO] BUILD FAILURE
[INFO] ------------------------------------------------------------------------
[INFO] Total time:  5.600 s
[INFO] Finished at: 2025-12-01T01:54:18-06:00
[INFO] ------------------------------------------------------------------------
[ERROR] Failed to execute goal org.apache.maven.plugins:maven-compiler-plugin:3.11.0:compile (default-compile) on project HealthTech: Compilation failure: Compilation failure: 
[ERROR] /D:/Proyectos/SpringBoot Projects/HealthTech/HealthTech/src/main/java/com/zacks/HealthTech/service/MedicalRecordService.java:[57,5] method does not override or implement a method from a supertype
[ERROR] /D:/Proyectos/SpringBoot Projects/HealthTech/HealthTech/src/main/java/com/zacks/HealthTech/service/MedicalRecordService.java:[62,5] method does not override or implement a method from a supertype
[ERROR] -> [Help 1]
[ERROR] 
[ERROR] To see the full stack trace of the errors, re-run Maven with the -e switch.
[ERROR] Re-run Maven using the -X switch to enable full debug logging.
[ERROR] 
[ERROR] For more information about the errors and possible solutions, please read the following articles:
[ERROR] [Help 1] http://cwiki.apache.org/confluence/display/MAVEN/MojoFailureException
